// Jest Snapshot v1, https://goo.gl/fbAQLP

exports[`<Wizard /> renders the wizard with one step 1`] = `
<div
  className="wizard"
>
  <ul>
    <WizardStep
      completed={false}
      locked={false}
      selected={true}
      title="my first step"
    />
  </ul>
</div>
`;
